2026-08-27 15:08:42.927 -04 [3952] LOG:  starting PostgreSQL 16.15, compiled by Visual C++ build 1944, 64-bit
2026-08-27 15:08:42.931 -04 [3952] LOG:  listening on IPv6 address "::1", port 5434
2026-08-27 15:08:42.931 -04 [3952] LOG:  listening on IPv4 address "127.0.0.1", port 5434
2026-08-27 15:08:42.971 -04 [1032] LOG:  database system was interrupted; last known up at 2026-08-27 15:05:47 -04
2026-08-27 15:08:43.691 -04 [1032] LOG:  database system was not properly shut down; automatic recovery in progress
2026-08-27 15:08:43.694 -04 [1032] LOG:  redo starts at 0/1577698
2026-08-27 15:08:43.694 -04 [1032] LOG:  invalid record length at 0/15776D0: expected at least 24, got 0
2026-08-27 15:08:43.694 -04 [1032] LOG:  redo done at 0/1577698 system usage: CPU: user: 0.00 s, system: 0.00 s, elapsed: 0.00 s
2026-08-27 15:08:43.702 -04 [21300] LOG:  checkpoint starting: end-of-recovery immediate wait
2026-08-27 15:08:43.716 -04 [21300] LOG:  checkpoint complete: wrote 3 buffers (0.0%); 0 WAL file(s) added, 0 removed, 0 recycled; write=0.002 s, sync=0.004 s, total=0.021 s; sync files=2, longest=0.002 s, average=0.002 s; distance=0 kB, estimate=0 kB; lsn=0/15776D0, redo lsn=0/15776D0
2026-08-27 15:08:43.739 -04 [3952] LOG:  database system is ready to accept connections
2026-08-27 15:26:28.312 -04 [3952] LOG:  server process (PID 22668) was terminated by exception 0xC0000142
2026-08-27 15:26:28.312 -04 [3952] HINT:  See C include file "ntstatus.h" for a description of the hexadecimal value.
2026-08-27 15:26:28.313 -04 [3952] LOG:  terminating any other active server processes
2026-08-27 15:26:28.319 -04 [3952] LOG:  all server processes terminated; reinitializing
2026-08-27 15:26:28.342 -04 [3952] LOG:  shutting down due to startup process failure
2026-08-27 15:26:28.345 -04 [3952] LOG:  database system is shut down
2026-08-27 15:26:39.490 -04 [20304] LOG:  starting PostgreSQL 16.15, compiled by Visual C++ build 1944, 64-bit
2026-08-27 15:26:39.494 -04 [20304] LOG:  listening on IPv6 address "::1", port 5434
2026-08-27 15:26:39.494 -04 [20304] LOG:  listening on IPv4 address "127.0.0.1", port 5434
2026-08-27 15:26:39.535 -04 [19344] LOG:  database system was interrupted; last known up at 2026-08-27 15:08:43 -04
2026-08-27 15:26:40.466 -04 [19344] LOG:  database system was not properly shut down; automatic recovery in progress
2026-08-27 15:26:40.471 -04 [19344] LOG:  redo starts at 0/1577748
2026-08-27 15:26:40.471 -04 [19344] LOG:  invalid record length at 0/1577780: expected at least 24, got 0
2026-08-27 15:26:40.472 -04 [19344] LOG:  redo done at 0/1577748 system usage: CPU: user: 0.00 s, system: 0.00 s, elapsed: 0.00 s
2026-08-27 15:26:40.482 -04 [4960] LOG:  checkpoint starting: end-of-recovery immediate wait
2026-08-27 15:26:40.502 -04 [4960] LOG:  checkpoint complete: wrote 3 buffers (0.0%); 0 WAL file(s) added, 0 removed, 0 recycled; write=0.004 s, sync=0.005 s, total=0.026 s; sync files=2, longest=0.003 s, average=0.003 s; distance=0 kB, estimate=0 kB; lsn=0/1577780, redo lsn=0/1577780
2026-08-27 15:26:40.527 -04 [20304] LOG:  database system is ready to accept connections
2026-08-27 15:49:37.455 -04 [20304] LOG:  server process (PID 13584) was terminated by exception 0xC0000142
2026-08-27 15:49:37.455 -04 [20304] HINT:  See C include file "ntstatus.h" for a description of the hexadecimal value.
2026-08-27 15:49:37.456 -04 [20304] LOG:  terminating any other active server processes
2026-08-27 15:49:37.479 -04 [20304] LOG:  all server processes terminated; reinitializing
2026-08-27 15:49:37.569 -04 [20304] LOG:  shutting down due to startup process failure
2026-08-27 15:49:37.578 -04 [20304] LOG:  database system is shut down
2026-08-27 15:49:59.443 -04 [14068] LOG:  starting PostgreSQL 16.15, compiled by Visual C++ build 1944, 64-bit
2026-08-27 15:49:59.459 -04 [14068] LOG:  listening on IPv6 address "::1", port 5434
2026-08-27 15:49:59.460 -04 [14068] LOG:  listening on IPv4 address "127.0.0.1", port 5434
2026-08-27 15:49:59.612 -04 [13720] LOG:  database system was interrupted; last known up at 2026-08-27 15:26:40 -04
2026-08-27 15:50:01.188 -04 [13720] LOG:  database system was not properly shut down; automatic recovery in progress
2026-08-27 15:50:01.200 -04 [13720] LOG:  redo starts at 0/15777F8
2026-08-27 15:50:01.200 -04 [13720] LOG:  invalid record length at 0/1577830: expected at least 24, got 0
2026-08-27 15:50:01.201 -04 [13720] LOG:  redo done at 0/15777F8 system usage: CPU: user: 0.00 s, system: 0.00 s, elapsed: 0.00 s
2026-08-27 15:50:01.230 -04 [11628] LOG:  checkpoint starting: end-of-recovery immediate wait
2026-08-27 15:50:01.285 -04 [11628] LOG:  checkpoint complete: wrote 3 buffers (0.0%); 0 WAL file(s) added, 0 removed, 0 recycled; write=0.015 s, sync=0.011 s, total=0.067 s; sync files=2, longest=0.006 s, average=0.006 s; distance=0 kB, estimate=0 kB; lsn=0/1577830, redo lsn=0/1577830
2026-08-27 15:50:01.412 -04 [14068] LOG:  database system is ready to accept connections
2026-08-27 16:03:59.401 -04 [14068] LOG:  server process (PID 16600) was terminated by exception 0xC0000142
2026-08-27 16:03:59.401 -04 [14068] HINT:  See C include file "ntstatus.h" for a description of the hexadecimal value.
2026-08-27 16:03:59.402 -04 [14068] LOG:  terminating any other active server processes
2026-08-27 16:03:59.408 -04 [14068] LOG:  all server processes terminated; reinitializing
2026-08-27 16:03:59.428 -04 [14068] LOG:  shutting down due to startup process failure
2026-08-27 16:03:59.430 -04 [14068] LOG:  database system is shut down
2026-08-27 16:04:36.624 -04 [16296] LOG:  starting PostgreSQL 16.15, compiled by Visual C++ build 1944, 64-bit
2026-08-27 16:04:36.629 -04 [16296] LOG:  listening on IPv6 address "::1", port 5434
2026-08-27 16:04:36.629 -04 [16296] LOG:  listening on IPv4 address "127.0.0.1", port 5434
2026-08-27 16:04:36.680 -04 [17172] LOG:  database system was interrupted; last known up at 2026-08-27 15:50:01 -04
2026-08-27 16:04:37.424 -04 [17172] LOG:  database system was not properly shut down; automatic recovery in progress
2026-08-27 16:04:37.427 -04 [17172] LOG:  redo starts at 0/15778A8
2026-08-27 16:04:37.427 -04 [17172] LOG:  invalid record length at 0/15778E0: expected at least 24, got 0
2026-08-27 16:04:37.427 -04 [17172] LOG:  redo done at 0/15778A8 system usage: CPU: user: 0.00 s, system: 0.00 s, elapsed: 0.00 s
2026-08-27 16:04:37.436 -04 [19628] LOG:  checkpoint starting: end-of-recovery immediate wait
2026-08-27 16:04:37.453 -04 [19628] LOG:  checkpoint complete: wrote 3 buffers (0.0%); 0 WAL file(s) added, 0 removed, 0 recycled; write=0.004 s, sync=0.004 s, total=0.023 s; sync files=2, longest=0.002 s, average=0.002 s; distance=0 kB, estimate=0 kB; lsn=0/15778E0, redo lsn=0/15778E0
2026-08-27 16:04:37.483 -04 [16296] LOG:  database system is ready to accept connections
2026-08-27 16:06:30.739 -04 [16296] LOG:  received immediate shutdown request
2026-08-27 16:06:30.752 -04 [16296] LOG:  database system is shut down
