Watching for file changes with StatReloader
Exception in thread django-main-thread:
Traceback (most recent call last):
  File "C:\Users\SEDECTI-NOTGAMER\Documents\sedecti\SGCAS\api-sgcas\.venv\Lib\site-packages\django\db\backends\base\base.py", line 278, in ensure_connection
    self.connect()
    ~~~~~~~~~~~~^^
  File "C:\Users\SEDECTI-NOTGAMER\Documents\sedecti\SGCAS\api-sgcas\.venv\Lib\site-packages\django\utils\asyncio.py", line 26, in inner
    return func(*args, **kwargs)
  File "C:\Users\SEDECTI-NOTGAMER\Documents\sedecti\SGCAS\api-sgcas\.venv\Lib\site-packages\django\db\backends\base\base.py", line 255, in connect
    self.connection = self.get_new_connection(conn_params)
                      ~~~~~~~~~~~~~~~~~~~~~~~^^^^^^^^^^^^^
  File "C:\Users\SEDECTI-NOTGAMER\Documents\sedecti\SGCAS\api-sgcas\.venv\Lib\site-packages\django\utils\asyncio.py", line 26, in inner
    return func(*args, **kwargs)
  File "C:\Users\SEDECTI-NOTGAMER\Documents\sedecti\SGCAS\api-sgcas\.venv\Lib\site-packages\django\db\backends\postgresql\base.py", line 332, in get_new_connection
    connection = self.Database.connect(**conn_params)
  File "C:\Users\SEDECTI-NOTGAMER\Documents\sedecti\SGCAS\api-sgcas\.venv\Lib\site-packages\psycopg\connection.py", line 130, in connect
    raise new_ex.with_traceback(None)
psycopg.errors.ConnectionTimeout: connection timeout expired
Multiple connection attempts failed. All failures were:
- host: 'localhost', port: 5434, hostaddr: '::1': connection timeout expired
- host: 'localhost', port: 5434, hostaddr: '127.0.0.1': connection timeout expired

The above exception was the direct cause of the following exception:

Traceback (most recent call last):
  File "C:\Users\SEDECTI-NOTGAMER\AppData\Local\Python\pythoncore-3.14-64\Lib\threading.py", line 1082, in _bootstrap_inner
    self._context.run(self.run)
    ~~~~~~~~~~~~~~~~~^^^^^^^^^^
  File "C:\Users\SEDECTI-NOTGAMER\AppData\Local\Python\pythoncore-3.14-64\Lib\threading.py", line 1024, in run
    self._target(*self._args, **self._kwargs)
    ~~~~~~~~~~~~^^^^^^^^^^^^^^^^^^^^^^^^^^^^^
  File "C:\Users\SEDECTI-NOTGAMER\Documents\sedecti\SGCAS\api-sgcas\.venv\Lib\site-packages\django\utils\autoreload.py", line 64, in wrapper
    fn(*args, **kwargs)
    ~~^^^^^^^^^^^^^^^^^
  File "C:\Users\SEDECTI-NOTGAMER\Documents\sedecti\SGCAS\api-sgcas\.venv\Lib\site-packages\django\core\management\commands\runserver.py", line 137, in inner_run
    self.check_migrations()
    ~~~~~~~~~~~~~~~~~~~~~^^
  File "C:\Users\SEDECTI-NOTGAMER\Documents\sedecti\SGCAS\api-sgcas\.venv\Lib\site-packages\django\core\management\base.py", line 581, in check_migrations
    executor = MigrationExecutor(connections[DEFAULT_DB_ALIAS])
  File "C:\Users\SEDECTI-NOTGAMER\Documents\sedecti\SGCAS\api-sgcas\.venv\Lib\site-packages\django\db\migrations\executor.py", line 18, in __init__
    self.loader = MigrationLoader(self.connection)
                  ~~~~~~~~~~~~~~~^^^^^^^^^^^^^^^^^
  File "C:\Users\SEDECTI-NOTGAMER\Documents\sedecti\SGCAS\api-sgcas\.venv\Lib\site-packages\django\db\migrations\loader.py", line 58, in __init__
    self.build_graph()
    ~~~~~~~~~~~~~~~~^^
  File "C:\Users\SEDECTI-NOTGAMER\Documents\sedecti\SGCAS\api-sgcas\.venv\Lib\site-packages\django\db\migrations\loader.py", line 235, in build_graph
    self.applied_migrations = recorder.applied_migrations()
                              ~~~~~~~~~~~~~~~~~~~~~~~~~~~^^
  File "C:\Users\SEDECTI-NOTGAMER\Documents\sedecti\SGCAS\api-sgcas\.venv\Lib\site-packages\django\db\migrations\recorder.py", line 89, in applied_migrations
    if self.has_table():
       ~~~~~~~~~~~~~~^^
  File "C:\Users\SEDECTI-NOTGAMER\Documents\sedecti\SGCAS\api-sgcas\.venv\Lib\site-packages\django\db\migrations\recorder.py", line 63, in has_table
    with self.connection.cursor() as cursor:
         ~~~~~~~~~~~~~~~~~~~~~~^^
  File "C:\Users\SEDECTI-NOTGAMER\Documents\sedecti\SGCAS\api-sgcas\.venv\Lib\site-packages\django\utils\asyncio.py", line 26, in inner
    return func(*args, **kwargs)
  File "C:\Users\SEDECTI-NOTGAMER\Documents\sedecti\SGCAS\api-sgcas\.venv\Lib\site-packages\django\db\backends\base\base.py", line 319, in cursor
    return self._cursor()
           ~~~~~~~~~~~~^^
  File "C:\Users\SEDECTI-NOTGAMER\Documents\sedecti\SGCAS\api-sgcas\.venv\Lib\site-packages\django\db\backends\base\base.py", line 295, in _cursor
    self.ensure_connection()
    ~~~~~~~~~~~~~~~~~~~~~~^^
  File "C:\Users\SEDECTI-NOTGAMER\Documents\sedecti\SGCAS\api-sgcas\.venv\Lib\site-packages\django\utils\asyncio.py", line 26, in inner
    return func(*args, **kwargs)
  File "C:\Users\SEDECTI-NOTGAMER\Documents\sedecti\SGCAS\api-sgcas\.venv\Lib\site-packages\django\db\backends\base\base.py", line 277, in ensure_connection
    with self.wrap_database_errors:
         ^^^^^^^^^^^^^^^^^^^^^^^^^
  File "C:\Users\SEDECTI-NOTGAMER\Documents\sedecti\SGCAS\api-sgcas\.venv\Lib\site-packages\django\db\utils.py", line 91, in __exit__
    raise dj_exc_value.with_traceback(traceback) from exc_value
  File "C:\Users\SEDECTI-NOTGAMER\Documents\sedecti\SGCAS\api-sgcas\.venv\Lib\site-packages\django\db\backends\base\base.py", line 278, in ensure_connection
    self.connect()
    ~~~~~~~~~~~~^^
  File "C:\Users\SEDECTI-NOTGAMER\Documents\sedecti\SGCAS\api-sgcas\.venv\Lib\site-packages\django\utils\asyncio.py", line 26, in inner
    return func(*args, **kwargs)
  File "C:\Users\SEDECTI-NOTGAMER\Documents\sedecti\SGCAS\api-sgcas\.venv\Lib\site-packages\django\db\backends\base\base.py", line 255, in connect
    self.connection = self.get_new_connection(conn_params)
                      ~~~~~~~~~~~~~~~~~~~~~~~^^^^^^^^^^^^^
  File "C:\Users\SEDECTI-NOTGAMER\Documents\sedecti\SGCAS\api-sgcas\.venv\Lib\site-packages\django\utils\asyncio.py", line 26, in inner
    return func(*args, **kwargs)
  File "C:\Users\SEDECTI-NOTGAMER\Documents\sedecti\SGCAS\api-sgcas\.venv\Lib\site-packages\django\db\backends\postgresql\base.py", line 332, in get_new_connection
    connection = self.Database.connect(**conn_params)
  File "C:\Users\SEDECTI-NOTGAMER\Documents\sedecti\SGCAS\api-sgcas\.venv\Lib\site-packages\psycopg\connection.py", line 130, in connect
    raise new_ex.with_traceback(None)
django.db.utils.OperationalError: connection timeout expired
Multiple connection attempts failed. All failures were:
- host: 'localhost', port: 5434, hostaddr: '::1': connection timeout expired
- host: 'localhost', port: 5434, hostaddr: '127.0.0.1': connection timeout expired
